
> algora@0.1.0 build
> next build

Γû▓ Next.js 16.1.6 (Turbopack)

  Creating an optimized production build ...
Γ£ô Compiled successfully in 1816.5ms
  Running TypeScript ...
node.exe : Failed to compile.
At line:1 char:1
+ & "C:\Program Files\nodejs/node.exe" 
"C:\Program Files\nodejs/node_mo ...
+ ~~~~~~~~~~~~~~~~~~~~~~~~~~~~~~~~~~~~~~
~~~~~~~~~~~~~~~~~~~~~~~~~~~~~~~
    + CategoryInfo          : NotSpecif 
   ied: (Failed to compile.:String) []  
  , RemoteException
    + FullyQualifiedErrorId : NativeCom 
   mandError
 

./app/select-role/page.tsx:72:23
Type error: Type '{ hidden: { opacity: 
number; y: number; }; visible: { 
opacity: number; y: number; transition: 
{ duration: number; ease: string; }; }; 
}' is not assignable to type 'Variants'.
  Property 'visible' is incompatible 
with index signature.
    Type '{ opacity: number; y: number; 
transition: { duration: number; ease: 
string; }; }' is not assignable to type 
'Variant'.
      Type '{ opacity: number; y: 
number; transition: { duration: number; 
ease: string; }; }' is not assignable 
to type 'TargetAndTransition'.
        Type '{ opacity: number; y: 
number; transition: { duration: number; 
ease: string; }; }' is not assignable 
to type '{ transition?: Transition<any> 
| undefined; transitionEnd?: 
ResolvedValues$1 | undefined; }'.
          Types of property 
'transition' are incompatible.
            Type '{ duration: number; 
ease: string; }' is not assignable to 
type 'Transition<any> | undefined'.
              Type '{ duration: number; 
ease: string; }' is not assignable to 
type 
'TransitionWithValueOverrides<any>'.
                Type '{ duration: 
number; ease: string; }' is not 
assignable to type 
'ValueAnimationTransition<any>'.
                  Types of property 
'ease' are incompatible.
                    Type 'string' is 
not assignable to type 'Easing | 
Easing[] | undefined'.

[0m [90m 70 |[39m           
animate[33m=[39m[32m"visible"[39m
 [90m 71 |[39m         [33m>[39m
[31m[1m>[22m[39m[90m 72 |[39m     
      [33m<[39m[33mmotion[39m[33m.
[39mdiv 
variants[33m=[39m{itemVariants} classN
ame[33m=[39m[32m"h-full"[39m[33m>[
39m
 [90m    |[39m                       
[31m[1m^[22m[39m
 [90m 73 |[39m             
[33m<[39m[33mRoleCard[39m
 [90m 74 |[39m               icon[33m
=[39m{[33m<[39m[33mUser[39m 
className[33m=[39m[32m"w-7 h-7 
text-[#00FF88]"[39m 
strokeWidth[33m=[39m{[35m2[39m} 
[33m/[39m[33m>[39m}
 [90m 75 |[39m               
title[33m=[39m[32m"User"[39m[0m
Next.js build worker exited with code: 
1 and signal: null
